#-----------------------------------------------------------
# Vivado v2019.2.1 (64-bit)
# SW Build 2729669 on Thu Dec  5 04:48:12 MST 2019
# IP Build 2729494 on Thu Dec  5 07:38:25 MST 2019
# Start of session at: Tue May 26 12:09:45 2020
# Process ID: 31522
# Current directory: /home/jordanhong/Documents/MPI/MPI-Halle-electronics/Photonic_switches
# Command line: vivado -mode tcl
# Log file: /home/jordanhong/Documents/MPI/MPI-Halle-electronics/Photonic_switches/vivado.log
# Journal file: /home/jordanhong/Documents/MPI/MPI-Halle-electronics/Photonic_switches/vivado.jou
#-----------------------------------------------------------
open_project Photonic_switches.xpr 
open_sim 
launch_simulation 
open_wave_config /home/jordanhong/Documents/MPI/MPI-Halle-electronics/Photonic_switches/testbench_behav.wcfg
open_wave_config /home/jordanhong/Documents/MPI/MPI-Halle-electronics/Photonic_switches/testbench_behav_parametrized.wcfg
source testbench.tcl
open_wave_config testbench_behav_parametrized.wcfg 
open_wave_config testbench_behav.wcfg
close_sim
